[2026-09-16T16:50:21Z] === ENRICH ITERATION 1 START | repo=sindresorhus/type-fest sha=0329b2b2 ===
[2026-09-16T16:50:21Z] [iter=1] PHASE START: enrich repo=sindresorhus/type-fest sha=0329b2b2 runlog=/home/runner/work/forx/forx/storage/aggregate/lsp/logs/0329b2b2-enrich-iter-001.log output=/home/runner/work/forx/forx/storage/aggregate/lsp/0329b2b2dc568df61ed6bfbbfa0f513b060a02bb.nq.gz
[2026-09-16T16:50:33Z] [iter=1] Step 1: Loading AST into disk-backed store mem_mb=85 MB
[2026-09-16T16:50:41Z] [iter=1] AST store loaded triples=1002531 load_secs=8 mem_mb=906 MB
[2026-09-16T16:50:41Z] [iter=1] Step 2: Finding LSP targets mem_mb=906 MB
[2026-09-16T16:50:42Z] [iter=1] LSP targets found call_sites=5595 imports=0 extends=9 implements=0 secs=1
[2026-09-16T16:50:42Z] [iter=1] Step 2.7: Building position index (one-shot, shared across resolvers) mem_mb=906 MB
[2026-09-16T16:50:46Z] [iter=1] Position index built positions=55093 nodes_with_types=61067 secs=5 mem_mb=906 MB
[2026-09-16T16:50:46Z] [iter=1] Step 3: Starting LSP resolution mem_mb=906 MB already_completed_types=[] already_completed_files=0
[2026-09-16T16:50:46Z] [iter=1] Resolving target type target_type=call_site count=5595
[2026-09-16T16:50:52Z] [iter=1] HEARTBEAT target_type=call_site elapsed_min=0.5 files_done=0 resolved=0 errors=0 current=test-d/camel-cased-properties.ts
[2026-09-16T16:51:59Z] [iter=1] HEARTBEAT target_type=call_site elapsed_min=1.6 files_done=3 resolved=0 errors=186 current=test-d/exact.ts
[2026-09-16T16:52:40Z] [iter=1] HEARTBEAT target_type=call_site elapsed_min=2.3 files_done=5 resolved=0 errors=305 current=test-d/or.ts
[2026-09-16T16:53:21Z] [iter=1] HEARTBEAT target_type=call_site elapsed_min=3.0 files_done=8 resolved=0 errors=424 current=test-d/conditional-keys.ts
[2026-09-16T16:53:51Z] [iter=1] HEARTBEAT target_type=call_site elapsed_min=3.5 files_done=11 resolved=0 errors=514 current=test-d/is-lowercase.ts
[2026-09-16T16:54:42Z] [iter=1] HEARTBEAT target_type=call_site elapsed_min=4.3 files_done=14 resolved=0 errors=661 current=test-d/set-optional.ts
[2026-09-16T16:55:21Z] [iter=1] HEARTBEAT target_type=call_site elapsed_min=5.0 files_done=18 resolved=0 errors=756 current=test-d/require-exactly-one.ts
[2026-09-16T16:56:06Z] [iter=1] HEARTBEAT target_type=call_site elapsed_min=5.7 files_done=20 resolved=0 errors=887 current=test-d/snake-case.ts
[2026-09-16T16:56:38Z] [iter=1] HEARTBEAT target_type=call_site elapsed_min=6.3 files_done=23 resolved=0 errors=980 current=test-d/is-never.ts
[2026-09-16T16:57:38Z] [iter=1] HEARTBEAT target_type=call_site elapsed_min=7.3 files_done=26 resolved=0 errors=1141 current=test-d/is-integer.ts
[2026-09-16T16:58:38Z] [iter=1] HEARTBEAT target_type=call_site elapsed_min=8.3 files_done=28 resolved=0 errors=1318 current=test-d/structured-cloneable.ts
[2026-09-16T16:59:14Z] [iter=1] HEARTBEAT target_type=call_site elapsed_min=8.9 files_done=31 resolved=0 errors=1425 current=test-d/greater-than-or-equal.ts
[2026-09-16T17:00:18Z] [iter=1] HEARTBEAT target_type=call_site elapsed_min=9.9 files_done=33 resolved=0 errors=1613 current=test-d/screaming-snake-case.ts
[2026-09-16T17:00:58Z] [iter=1] HEARTBEAT target_type=call_site elapsed_min=10.6 files_done=37 resolved=0 errors=1732 current=test-d/array-slice.ts
[2026-09-16T17:01:30Z] [iter=1] HEARTBEAT target_type=call_site elapsed_min=11.1 files_done=42 resolved=2 errors=1827 current=test-d/has-readonly-keys.ts
[2026-09-16T17:02:14Z] [iter=1] HEARTBEAT target_type=call_site elapsed_min=11.9 files_done=45 resolved=2 errors=1956 current=test-d/undefined-on-partial-deep.ts
[2026-09-16T17:03:13Z] [iter=1] HEARTBEAT target_type=call_site elapsed_min=12.9 files_done=50 resolved=2 errors=2131 current=test-d/get.ts
[2026-09-16T17:03:49Z] [iter=1] HEARTBEAT target_type=call_site elapsed_min=13.5 files_done=52 resolved=2 errors=2235 current=test-d/readonly-keys-of.ts
[2026-09-16T17:04:22Z] [iter=1] HEARTBEAT target_type=call_site elapsed_min=14.0 files_done=56 resolved=2 errors=2326 current=test-d/internal/tuple-min.ts
[2026-09-16T17:05:07Z] [iter=1] HEARTBEAT target_type=call_site elapsed_min=14.8 files_done=60 resolved=2 errors=2456 current=test-d/array-length.ts
[2026-09-16T17:05:39Z] [iter=1] HEARTBEAT target_type=call_site elapsed_min=15.3 files_done=65 resolved=2 errors=2550 current=test-d/unknown-set.ts
[2026-09-16T17:06:09Z] [iter=1] HEARTBEAT target_type=call_site elapsed_min=15.8 files_done=68 resolved=2 errors=2641 current=test-d/is-nullable.ts
[2026-09-16T17:06:49Z] [iter=1] HEARTBEAT target_type=call_site elapsed_min=16.5 files_done=73 resolved=2 errors=2756 current=test-d/unknown-array.ts
[2026-09-16T17:07:29Z] [iter=1] HEARTBEAT target_type=call_site elapsed_min=17.1 files_done=79 resolved=2 errors=2875 current=test-d/internal/normalized-keys.ts
[2026-09-16T17:08:20Z] [iter=1] HEARTBEAT target_type=call_site elapsed_min=18.0 files_done=85 resolved=2 errors=3025 current=test-d/omit-deep.ts
[2026-09-16T17:08:56Z] [iter=1] HEARTBEAT target_type=call_site elapsed_min=18.6 files_done=91 resolved=4 errors=3132 current=test-d/is-equal.ts
[2026-09-16T17:09:29Z] [iter=1] HEARTBEAT target_type=call_site elapsed_min=19.1 files_done=95 resolved=4 errors=3229 current=test-d/is-writable-key-of.ts
[2026-09-16T17:10:07Z] [iter=1] HEARTBEAT target_type=call_site elapsed_min=19.8 files_done=98 resolved=4 errors=3341 current=test-d/fixed-length-array.ts
[2026-09-16T17:10:45Z] [iter=1] HEARTBEAT target_type=call_site elapsed_min=20.4 files_done=103 resolved=4 errors=3452 current=test-d/require-all-or-none.ts
[2026-09-16T17:11:19Z] [iter=1] HEARTBEAT target_type=call_site elapsed_min=21.0 files_done=107 resolved=4 errors=3553 current=test-d/is-literal.ts
[2026-09-16T17:11:50Z] [iter=1] HEARTBEAT target_type=call_site elapsed_min=21.5 files_done=109 resolved=4 errors=3645 current=test-d/trim.ts
[2026-09-16T17:12:21Z] [iter=1] HEARTBEAT target_type=call_site elapsed_min=22.0 files_done=116 resolved=4 errors=3731 current=test-d/internal/is-number-like.ts
[2026-09-16T17:13:01Z] [iter=1] HEARTBEAT target_type=call_site elapsed_min=22.7 files_done=123 resolved=6 errors=3845 current=test-d/tsconfig-json.ts
[2026-09-16T17:13:32Z] [iter=1] HEARTBEAT target_type=call_site elapsed_min=23.2 files_done=130 resolved=7 errors=3932 current=test-d/int-closed-range.ts
[2026-09-16T17:14:07Z] [iter=1] HEARTBEAT target_type=call_site elapsed_min=23.8 files_done=135 resolved=7 errors=4029 current=test-d/override-properties.ts
[2026-09-16T17:14:37Z] [iter=1] HEARTBEAT target_type=call_site elapsed_min=24.3 files_done=143 resolved=7 errors=4118 current=test-d/tuple-to-union.ts
[2026-09-16T17:15:08Z] [iter=1] HEARTBEAT target_type=call_site elapsed_min=24.8 files_done=151 resolved=7 errors=4208 current=test-d/internal/union-max.ts
[2026-09-16T17:15:45Z] [iter=1] HEARTBEAT target_type=call_site elapsed_min=25.4 files_done=161 resolved=13 errors=4318 current=test-d/optional.ts
[2026-09-16T17:16:19Z] [iter=1] HEARTBEAT target_type=call_site elapsed_min=26.0 files_done=166 resolved=14 errors=4420 current=test-d/has-optional-keys.ts
[2026-09-16T17:16:50Z] [iter=1] HEARTBEAT target_type=call_site elapsed_min=26.5 files_done=182 resolved=14 errors=4509 current=test-d/has-required-keys.ts
[2026-09-16T17:17:20Z] [iter=1] HEARTBEAT target_type=call_site elapsed_min=27.0 files_done=202 resolved=14 errors=4597 current=test-d/non-empty-tuple.ts
[2026-09-16T17:18:17Z] [iter=1] HEARTBEAT target_type=call_site elapsed_min=27.9 files_done=209 resolved=29 errors=4759 current=lint-rules/validate-jsdoc-codeblocks.test.js
[2026-09-16T17:20:14Z] [iter=1] HEARTBEAT target_type=call_site elapsed_min=29.9 files_done=210 resolved=29 errors=5104 current=lint-rules/require-exported-types.js
[2026-09-16T17:20:33Z] [iter=1] Target type resolved target_type=call_site resolved=41 errors=5160 secs=1787 mem_mb=906 MB
[2026-09-16T17:20:33Z] [iter=1] Resolving target type target_type=extends_clause count=9
[2026-09-16T17:20:35Z] [iter=1] Target type resolved target_type=extends_clause resolved=9 errors=0 secs=2 mem_mb=906 MB
[2026-09-16T17:20:42Z] [iter=1] Step 5: Writing final enrichment file triples=51051
[2026-09-16T17:20:43Z] [iter=1] Enrichment file written path=/home/runner/work/forx/forx/storage/aggregate/lsp/0329b2b2dc568df61ed6bfbbfa0f513b060a02bb.nq.gz size_kb=983
[2026-09-16T17:20:43Z] [iter=1] PHASE END: enrich elapsed_s=1822 elapsed_min=30.4 total_triples=51051
